// Jest Snapshot v1, https://goo.gl/fbAQLP

exports[`Simple Pagination should default to 'page 1' only if no props are provided 1`] = `"<div class=\\"simple-pagination\\"><p>Page <b>1</b></p></div>"`;

exports[`Simple Pagination should match snapshot with some default attributes 1`] = `
<div
  className="simple-pagination"
>
  <p>
    Page 
    <b>
      1
    </b>
     
    of 
    <b>
      3
    </b>
  </p>
  <nav
    aria-label="Pagination"
  >
    <Link
      destination="/next"
      elementType={
        Object {
          "$$typeof": Symbol(react.forward_ref),
          "displayName": "Link",
          "propTypes": Object {
            "innerRef": [Function],
            "onClick": [Function],
            "replace": [Function],
            "target": [Function],
            "to": [Function],
          },
          "render": [Function],
        }
      }
      text="Next page"
    />
    <Link
      destination="#previous"
      text="Previous page"
    />
  </nav>
</div>
`;
