// Jest Snapshot v1, https://goo.gl/fbAQLP

exports[`Card should match snapshot with some default attributes 1`] = `
<article
  className="card"
>
  <div
    className="card__image"
  >
    <img
      alt="Cute dog"
      src="test.png"
    />
  </div>
  <div
    className="card__text"
  >
    <CardBody
      headingElementType="h1"
      headingText="Card heading text"
      link={
        Object {
          "destination": "/about",
          "elementType": "a",
        }
      }
      metadata={
        Array [
          Object {
            "label": "Email address",
            "value": "john.smith@email.com",
          },
          Object {
            "label": "Email address",
            "value": "sarah.smith@email.com",
          },
        ]
      }
    />
  </div>
</article>
`;
