// Jest Snapshot v1, https://goo.gl/fbAQLP

exports[`Card should match snapshot with some default attributes 1`] = `
<article
  className="card"
>
  <header
    className="card__header"
  >
    <CardHeader
      headingElementType="h1"
      headingText="Card heading text"
      link={
        Object {
          "destination": "/about",
          "elementType": "a",
        }
      }
    />
  </header>
  <dl
    className="card__metadata"
  >
    <div
      className="card__metadatum"
      key="item0"
    >
      <dt
        className="visually-hidden"
      >
        Email address
      </dt>
      <dd>
        john.smith@email.com
      </dd>
    </div>
    <div
      className="card__metadatum"
      key="item1"
    >
      <dt
        className="visually-hidden"
      >
        Email address
      </dt>
      <dd>
        sarah.smith@email.com
      </dd>
    </div>
  </dl>
</article>
`;
