// Jest Snapshot v1, https://goo.gl/fbAQLP

exports[`Enhanced Pagination should match snapshot with some default attributes 1`] = `
<nav
  aria-label="Pagination Navigation"
  className="pagination clearfix mt--a mb--e mr--b mb--b ml--b"
  role="navigation"
>
  <ul
    className="pagination__list"
  >
    <li
      aria-label="Go to previous page"
      className="pagination__page"
    >
      <a
        className="pagination__page-link"
        href="/previous"
      >
        Previous page
      </a>
    </li>
    <li
      className="pagination__page  "
      key="1"
    >
      <a
        aria-label="Go to page 1"
        className="pagination__page-link"
        href="#1"
      >
        1
      </a>
    </li>
    <li
      className="pagination__page  pagination__page__no-flex"
      key="...-1"
    >
      <span>
        ...
      </span>
    </li>
    <li
      className="pagination__page  "
      key="31"
    >
      <a
        aria-label="Go to page 31"
        className="pagination__page-link"
        href="#31"
      >
        31
      </a>
    </li>
    <li
      className="pagination__page pagination__page__current "
      key="32"
    >
      <span>
        <span
          className="visually-hidden"
        >
          Current page 
        </span>
        32
      </span>
    </li>
    <li
      className="pagination__page  "
      key="33"
    >
      <a
        aria-label="Go to page 33"
        className="pagination__page-link"
        href="#33"
      >
        33
      </a>
    </li>
    <li
      className="pagination__page  pagination__page__no-flex"
      key="...-5"
    >
      <span>
        ...
      </span>
    </li>
    <li
      className="pagination__page  "
      key="49"
    >
      <a
        aria-label="Go to page 49"
        className="pagination__page-link"
        href="#49"
      >
        49
      </a>
    </li>
    <li
      aria-label="Go to next page"
      className="pagination__page"
    >
      <a
        className="pagination__page-link"
        href="/next"
      >
        Next page
      </a>
    </li>
  </ul>
</nav>
`;
