// Jest Snapshot v1, https://goo.gl/fbAQLP

exports[`Enhanced Pagination should match snapshot with some default attributes 1`] = `
<nav
  aria-label="Pagination Navigation"
  className="pagination clearfix mt--a mb--e mr--b mb--b ml--b"
  role="navigation"
>
  <ul
    className="pagination__list"
  >
    <li
      aria-label="Go to previous page"
      className="pagination__page"
    >
      <a
        className="pagination__page-link"
        href="/previous"
      >
        Previous page
      </a>
    </li>
    <li
      className="pagination__page  "
      key="1"
    >
      <a
        aria-label="Go to page 1"
        className="pagination__page-link"
        href="#1"
      >
        1
      </a>
    </li>
    <li
      className="pagination__page  "
      key="NaN"
    >
      <a
        className="pagination__page-link"
        id="page-object-missing"
      >
        NaN
      </a>
    </li>
    <li
      className="pagination__page pagination__page__current "
    >
      <span>
        <span
          className="visually-hidden"
        >
          Current page 
        </span>
      </span>
    </li>
    <li
      className="pagination__page  "
      key="NaN"
    >
      <a
        className="pagination__page-link"
        id="page-object-missing"
      >
        NaN
      </a>
    </li>
    <li
      className="pagination__page pagination__page__current "
    >
      <span>
        <span
          className="visually-hidden"
        >
          Current page 
        </span>
      </span>
    </li>
  </ul>
</nav>
`;
