// Jest Snapshot v1, https://goo.gl/fbAQLP

exports[`Phase Banner should match the default snapshot 1`] = `
<p
  className="phase-banner"
>
  <span
    className="phase-banner__tag"
  >
    <Tag
      alpha={true}
      impact={true}
    >
      Alpha
    </Tag>
  </span>
  <span
    className="phase-banner__label"
  >
    Some content
  </span>
</p>
`;
