// Jest Snapshot v1, https://goo.gl/fbAQLP

exports[`Horizontal Nav Component should match the default snapshot 1`] = `
<nav
  className="horizontal-nav"
>
  <ul
    className="horizontal-nav__list"
  >
    <HorizontalNavLink
      className="monkey"
      data-track="monkey"
      destination="/formgroup"
      key="Link One"
      title="Link One"
    />
    <HorizontalNavLink
      className="monkey"
      data-track="monkey"
      destination="/pageheader"
      elementType={
        Object {
          "$$typeof": Symbol(react.forward_ref),
          "displayName": "Link",
          "propTypes": Object {
            "innerRef": [Function],
            "onClick": [Function],
            "replace": [Function],
            "target": [Function],
            "to": [Function],
          },
          "render": [Function],
        }
      }
      isCurrent={true}
      key="Link Two"
      title="Link Two"
    />
    <HorizontalNavLink
      className="monkey"
      data-track="monkey"
      destination="/stackednav"
      key="Link Three"
      method="pigeon"
      title="Link Three"
    />
    <HorizontalNavLink
      className="monkey"
      data-track="monkey"
      destination="/alert"
      elementType={
        Object {
          "$$typeof": Symbol(react.forward_ref),
          "displayName": "Link",
          "propTypes": Object {
            "innerRef": [Function],
            "onClick": [Function],
            "replace": [Function],
            "target": [Function],
            "to": [Function],
          },
          "render": [Function],
        }
      }
      key="Link Four"
      method="to"
      title="Link Four"
    />
  </ul>
</nav>
`;
