// Jest Snapshot v1, https://goo.gl/fbAQLP

exports[`@nice-digital/nds-textarea should match snapshot 1`] = `
<div
  className="textarea textarea--error"
>
  <label
    className="textarea__label"
    htmlFor="name"
  >
    Label
  </label>
  <p
    className="textarea__hint"
  >
    Hint
  </p>
  <p
    className="textarea__error"
  >
    Error
  </p>
  <textarea
    className="textarea__textarea"
    id="name"
    name="name"
  />
</div>
`;
