// Jest Snapshot v1, https://goo.gl/fbAQLP

exports[`Horizontal Nav Component should match the default snapshot 1`] = `
{
  "asFragment": [Function],
  "baseElement": <body>
    <div>
      <nav
        class="horizontal-nav"
      >
        <ul
          class="horizontal-nav__list"
        >
          <li
            class="horizontal-nav__item"
            data-component="horizontal-nav"
          >
            <a
              aria-current="false"
              class="horizontal-nav__link monkey"
              data-track="monkey"
              href="/formgroup"
            >
              Link One
            </a>
          </li>
          <li
            class="horizontal-nav__item"
            data-component="horizontal-nav"
          >
            <div
              data-type="link"
            />
          </li>
          <li
            class="horizontal-nav__item"
            data-component="horizontal-nav"
          >
            <a
              aria-current="false"
              class="horizontal-nav__link monkey"
              data-track="monkey"
              pigeon="/stackednav"
            >
              Link Three
            </a>
          </li>
          <li
            class="horizontal-nav__item"
            data-component="horizontal-nav"
          >
            <div
              data-type="link"
            />
          </li>
        </ul>
      </nav>
    </div>
  </body>,
  "container": <div>
    <nav
      class="horizontal-nav"
    >
      <ul
        class="horizontal-nav__list"
      >
        <li
          class="horizontal-nav__item"
          data-component="horizontal-nav"
        >
          <a
            aria-current="false"
            class="horizontal-nav__link monkey"
            data-track="monkey"
            href="/formgroup"
          >
            Link One
          </a>
        </li>
        <li
          class="horizontal-nav__item"
          data-component="horizontal-nav"
        >
          <div
            data-type="link"
          />
        </li>
        <li
          class="horizontal-nav__item"
          data-component="horizontal-nav"
        >
          <a
            aria-current="false"
            class="horizontal-nav__link monkey"
            data-track="monkey"
            pigeon="/stackednav"
          >
            Link Three
          </a>
        </li>
        <li
          class="horizontal-nav__item"
          data-component="horizontal-nav"
        >
          <div
            data-type="link"
          />
        </li>
      </ul>
    </nav>
  </div>,
  "debug": [Function],
  "findAllByAltText": [Function],
  "findAllByDisplayValue": [Function],
  "findAllByLabelText": [Function],
  "findAllByPlaceholderText": [Function],
  "findAllByRole": [Function],
  "findAllByTestId": [Function],
  "findAllByText": [Function],
  "findAllByTitle": [Function],
  "findByAltText": [Function],
  "findByDisplayValue": [Function],
  "findByLabelText": [Function],
  "findByPlaceholderText": [Function],
  "findByRole": [Function],
  "findByTestId": [Function],
  "findByText": [Function],
  "findByTitle": [Function],
  "getAllByAltText": [Function],
  "getAllByDisplayValue": [Function],
  "getAllByLabelText": [Function],
  "getAllByPlaceholderText": [Function],
  "getAllByRole": [Function],
  "getAllByTestId": [Function],
  "getAllByText": [Function],
  "getAllByTitle": [Function],
  "getByAltText": [Function],
  "getByDisplayValue": [Function],
  "getByLabelText": [Function],
  "getByPlaceholderText": [Function],
  "getByRole": [Function],
  "getByTestId": [Function],
  "getByText": [Function],
  "getByTitle": [Function],
  "queryAllByAltText": [Function],
  "queryAllByDisplayValue": [Function],
  "queryAllByLabelText": [Function],
  "queryAllByPlaceholderText": [Function],
  "queryAllByRole": [Function],
  "queryAllByTestId": [Function],
  "queryAllByText": [Function],
  "queryAllByTitle": [Function],
  "queryByAltText": [Function],
  "queryByDisplayValue": [Function],
  "queryByLabelText": [Function],
  "queryByPlaceholderText": [Function],
  "queryByRole": [Function],
  "queryByTestId": [Function],
  "queryByText": [Function],
  "queryByTitle": [Function],
  "rerender": [Function],
  "unmount": [Function],
}
`;
